
> frontend@0.0.0 dev
> vite


  VITE v7.3.1  ready in 208 ms

  ➜  Local:   http://localhost:5173/
  ➜  Network: use --host to expose
9:25:27 AM [vite] (client) hmr update /src/components/PomodoroTimer.tsx, /src/index.css
9:29:04 AM [vite] (client) hmr update /src/index.css
9:29:39 AM [vite] (client) page reload src/main.tsx
9:29:40 AM [vite] (client) ✨ new dependencies optimized: i18next, react-i18next, i18next-browser-languagedetector
9:29:40 AM [vite] (client) ✨ optimized dependencies changed. reloading
9:29:51 AM [vite] (client) hmr update /src/index.css
9:29:57 AM [vite] (client) hmr update /src/index.css
9:30:36 AM [vite] (client) hmr update /src/index.css
9:30:53 AM [vite] (client) hmr update /src/components/TimerSettingsModal.tsx, /src/index.css
9:30:57 AM [vite] (client) hmr update /src/components/TimerSettingsModal.tsx, /src/index.css
9:31:06 AM [vite] (client) hmr update /src/components/TimerSettingsModal.tsx, /src/index.css
9:31:13 AM [vite] (client) hmr update /src/components/TimerSettingsModal.tsx, /src/index.css
9:31:25 AM [vite] (client) hmr update /src/components/PomodoroTimer.tsx, /src/index.css
9:31:30 AM [vite] (client) hmr update /src/components/PomodoroTimer.tsx, /src/index.css
9:31:39 AM [vite] (client) hmr update /src/components/PomodoroTimer.tsx, /src/index.css
9:31:50 AM [vite] (client) hmr update /src/components/TimerDisplay.tsx, /src/index.css
9:31:58 AM [vite] (client) hmr update /src/components/TimerDisplay.tsx, /src/index.css
9:32:41 AM [vite] (client) hmr update /src/components/ThemeSelector.tsx, /src/index.css
9:32:53 AM [vite] (client) hmr update /src/components/TimerControls.tsx, /src/index.css
9:32:58 AM [vite] (client) hmr update /src/components/TimerControls.tsx, /src/index.css
9:33:40 AM [vite] (client) page reload src/i18n/locales/en.json
9:33:44 AM [vite] (client) page reload src/i18n/locales/zh.json
9:33:55 AM [vite] (client) hmr update /src/components/TimerSettingsModal.tsx, /src/index.css
9:35:13 AM [vite] (client) page reload src/i18n/locales/en.json
9:35:17 AM [vite] (client) page reload src/i18n/locales/zh.json
9:35:23 AM [vite] (client) hmr update /src/components/TimerControls.tsx, /src/index.css
9:40:45 AM [vite] (client) page reload index.html
9:40:52 AM [vite] (client) hmr update /src/index.css
9:40:57 AM [vite] (client) hmr update /src/index.css
9:41:47 AM [vite] (client) page reload index.html
9:41:53 AM [vite] (client) hmr update /src/index.css
9:42:48 AM [vite] (client) hmr update /src/index.css
9:42:54 AM [vite] (client) page reload index.html
9:44:07 AM [vite] (client) hmr update /src/index.css
9:44:13 AM [vite] (client) hmr update /src/components/PomodoroTimer.tsx, /src/index.css
9:45:31 AM [vite] (client) page reload index.html
9:45:38 AM [vite] (client) hmr update /src/index.css
9:45:50 AM [vite] (client) hmr update /src/components/PomodoroTimer.tsx, /src/index.css
9:47:53 AM [vite] (client) page reload index.html
9:48:00 AM [vite] (client) hmr update /src/index.css
10:44:08 AM [vite] (client) hmr update /src/App.tsx, /src/index.css
10:44:08 AM [vite] (client) page reload src/i18n/locales/en.json
10:44:08 AM [vite] (client) page reload src/i18n/locales/zh.json
10:47:17 AM [vite] (client) hmr update /src/App.tsx, /src/index.css
10:47:18 AM [vite] (client) hmr update /src/App.tsx, /src/index.css
10:47:35 AM [vite] (client) hmr update /src/index.css, /src/components/CozyPal.tsx
10:47:36 AM [vite] (client) hmr update /src/index.css, /src/components/CozyPal.tsx
10:47:43 AM [vite] (client) hmr update /src/components/PomodoroTimer.tsx, /src/index.css
10:47:44 AM [vite] (client) hmr update /src/components/PomodoroTimer.tsx, /src/index.css
10:47:45 AM [vite] (client) hmr update /src/components/PomodoroTimer.tsx, /src/index.css
10:48:21 AM [vite] (client) hmr update /src/index.css, /src/components/CozyPal.tsx
10:48:39 AM [vite] (client) hmr update /src/index.css
10:48:40 AM [vite] (client) hmr update /src/index.css
10:51:57 AM [vite] (client) hmr update /src/index.css
10:52:02 AM [vite] (client) hmr update /src/components/PomodoroTimer.tsx, /src/index.css
10:52:08 AM [vite] (client) hmr update /src/components/TimerSettingsModal.tsx, /src/index.css
10:52:11 AM [vite] (client) hmr update /src/components/TimerSettingsModal.tsx, /src/index.css
10:52:21 AM [vite] (client) hmr update /src/components/PomodoroTimer.tsx, /src/index.css
10:52:27 AM [vite] (client) hmr update /src/index.css, /src/components/CozyPal.tsx
10:52:28 AM [vite] (client) hmr update /src/index.css, /src/components/CozyPal.tsx
11:06:05 AM [vite] (client) hmr update /src/index.css, /src/components/CozyPal.tsx
11:06:07 AM [vite] (client) hmr update /src/index.css, /src/components/CozyPal.tsx
11:06:08 AM [vite] (client) hmr update /src/index.css, /src/components/CozyPal.tsx
11:06:09 AM [vite] (client) hmr update /src/index.css, /src/components/CozyPal.tsx
11:06:11 AM [vite] (client) hmr update /src/index.css, /src/components/CozyPal.tsx
11:06:13 AM [vite] (client) hmr update /src/index.css, /src/components/CozyPal.tsx
11:12:02 AM [vite] (client) hmr update /src/index.css, /src/components/CozyPal.tsx
